[cruchebois.000webhostapp.com/index.html]
[backblue.gif]
[fade.gif]
[index.html]
[cruchebois.000webhostapp.com/assets/img/favicon.png]
[cruchebois.000webhostapp.com/assets/css/all.min.css]
[cruchebois.000webhostapp.com/assets/css/owl.carousel.css]
[cruchebois.000webhostapp.com/assets/css/magnific-popup.css]
[cruchebois.000webhostapp.com/assets/css/meanmenu.min.css]
[cruchebois.000webhostapp.com/assets/css/animate.css]
[cruchebois.000webhostapp.com/assets/css/main.css]
[cruchebois.000webhostapp.com/assets/css/responsive.css]
[cruchebois.000webhostapp.com/assets/img/logo.png]
[cruchebois.000webhostapp.com/index-2.html]
[cruchebois.000webhostapp.com/about.html]
[cruchebois.000webhostapp.com/news.html]
[cruchebois.000webhostapp.com/contact.html]
[cruchebois.000webhostapp.com/assets/img/produit/p6.jpg]
[cruchebois.000webhostapp.com/shop.html]
[cruchebois.000webhostapp.com/assets/img/produit/p1.jpg]
[cruchebois.000webhostapp.com/assets/img/produit/p2.jpg]
[cruchebois.000webhostapp.com/assets/img/produit/p7.jpg]
[cruchebois.000webhostapp.com/assets/img/produit/p3.jpg]
[cruchebois.000webhostapp.com/assets/img/produit/p8.jpg]
[cruchebois.000webhostapp.com/assets/img/produit/a2.jpg]
[cruchebois.000webhostapp.com/assets/img/avaters/avatar1.png]
[cruchebois.000webhostapp.com/assets/img/avaters/avatar3.png]
[cruchebois.000webhostapp.com/assets/img/company-logos/p1.jpg]
[cruchebois.000webhostapp.com/assets/img/company-logos/p2.jpg]
[cruchebois.000webhostapp.com/assets/img/company-logos/p3.jpg]
[cruchebois.000webhostapp.com/assets/img/company-logos/p4.jpg]
[cruchebois.000webhostapp.com/assets/img/company-logos/p5.jpg]
[cruchebois.000webhostapp.com/services.html]
[cruchebois.000webhostapp.com/assets/bootstrap/js/bootstrap.min.js]
[cruchebois.000webhostapp.com/assets/js/jquery-1.11.3.min.js]
[cruchebois.000webhostapp.com/assets/js/waypoints.js]
[cruchebois.000webhostapp.com/assets/js/jquery.isotope-3.0.6.min.js]
[cruchebois.000webhostapp.com/assets/js/owl.carousel.min.js]
[cruchebois.000webhostapp.com/assets/js/jquery.magnific-popup.min.js]
[cruchebois.000webhostapp.com/assets/js/jquery.meanmenu.min.js]
[cruchebois.000webhostapp.com/assets/js/sticker.js]
[cruchebois.000webhostapp.com/assets/js/main.js]
[cdn.000webhost.com/000webhost/logo/footer-powered-by-000webhost-white2.png]
[cruchebois.000webhostapp.com/index.html]
[fonts.googleapis.com/css8a7c.css]
[fonts.googleapis.com/css84ef.css]
[cruchebois.000webhostapp.com/index-2.html]
[cruchebois.000webhostapp.com/about.html]
[cruchebois.000webhostapp.com/news.html]
[cruchebois.000webhostapp.com/contact.html]
[cruchebois.000webhostapp.com/single-news.html]
[cruchebois.000webhostapp.com/assets/img/products/product-img-1.jpg]
[cruchebois.000webhostapp.com/assets/img/products/product-img-2.jpg]
[cruchebois.000webhostapp.com/assets/img/products/product-img-3.jpg]
[cruchebois.000webhostapp.com/assets/img/products/product-img-22.jpg]
[cruchebois.000webhostapp.com/assets/img/products/product-img-23.jpg]
[cruchebois.000webhostapp.com/assets/img/products/product-img-4.jpg]
[cruchebois.000webhostapp.com/assets/img/products/product-img-5.jpg]
[cruchebois.000webhostapp.com/assets/img/products/product-img-6.jpg]
[cruchebois.000webhostapp.com/assets/img/products/product-img-7.jpg]
[cruchebois.000webhostapp.com/assets/img/products/product-img-9.jpg]
[cruchebois.000webhostapp.com/assets/img/products/product-img-10.jpg]
[cruchebois.000webhostapp.com/assets/img/products/product-img-11.jpg]
[cruchebois.000webhostapp.com/assets/img/products/product-img-12.jpg]
[cruchebois.000webhostapp.com/assets/img/products/product-img-14.jpg]
[cruchebois.000webhostapp.com/assets/img/products/product-img-15.jpg]
[cruchebois.000webhostapp.com/assets/img/products/product-img-16.jpg]
[cruchebois.000webhostapp.com/assets/img/products/product-img-17.jpg]
[cruchebois.000webhostapp.com/assets/img/products/product-img-18.jpg]
[cruchebois.000webhostapp.com/assets/img/products/product-img-19.jpg]
[cruchebois.000webhostapp.com/assets/img/products/product-img-20.jpg]
[cruchebois.000webhostapp.com/assets/img/products/product-img-21.jpg]
[cruchebois.000webhostapp.com/shop.html]
[cruchebois.000webhostapp.com/services.html]
[cruchebois.000webhostapp.com/single-news.html]
[cruchebois.000webhostapp.com/assets/webfonts/fa-brands-400.eot]
[cruchebois.000webhostapp.com/assets/webfonts/fa-brands-400d41d.eot]
[cruchebois.000webhostapp.com/assets/webfonts/fa-brands-400.woff]
[cruchebois.000webhostapp.com/assets/webfonts/fa-brands-400.ttf]
[cruchebois.000webhostapp.com/assets/webfonts/fa-brands-400.svg]
[cruchebois.000webhostapp.com/assets/webfonts/fa-regular-400.eot]
[cruchebois.000webhostapp.com/assets/webfonts/fa-regular-400d41d.eot]
[cruchebois.000webhostapp.com/assets/webfonts/fa-regular-400.woff]
[cruchebois.000webhostapp.com/assets/webfonts/fa-regular-400.ttf]
[cruchebois.000webhostapp.com/assets/webfonts/fa-regular-400.svg]
[cruchebois.000webhostapp.com/assets/webfonts/fa-solid-900.eot]
[cruchebois.000webhostapp.com/assets/webfonts/fa-solid-900d41d.eot]
[cruchebois.000webhostapp.com/assets/webfonts/fa-solid-900.woff]
[cruchebois.000webhostapp.com/assets/webfonts/fa-solid-900.ttf]
[cruchebois.000webhostapp.com/assets/css/all.min.css]
[cruchebois.000webhostapp.com/assets/css/owl.video.play.png]
[cruchebois.000webhostapp.com/assets/css/owl.carousel.css]
[cruchebois.000webhostapp.com/assets/css/magnific-popup.css]
[cruchebois.000webhostapp.com/assets/css/animate.css]
[cruchebois.000webhostapp.com/assets/css/meanmenu.min.css]
[cruchebois.000webhostapp.com/assets/img/breadcrumb-bg.jpg]
[cruchebois.000webhostapp.com/assets/img/hero-bg.jpg]
[cruchebois.000webhostapp.com/assets/img/background.jpg]
[cruchebois.000webhostapp.com/assets/bootstrap/css/bootstrap.min.css]
[cruchebois.000webhostapp.com/assets/img/background2.jpg]
[cruchebois.000webhostapp.com/assets/webfonts/fa-solid-900.svg]
[cruchebois.000webhostapp.com/assets/img/latest-news/news-bg-1.jpg]
[cruchebois.000webhostapp.com/assets/img/latest-news/news-bg-3.jpg]
[cruchebois.000webhostapp.com/assets/img/latest-news/news-bg-4.jpg]
[cruchebois.000webhostapp.com/assets/img/latest-news/news-bg-5.jpg]
[cruchebois.000webhostapp.com/assets/img/latest-news/news-bg-6.jpg]
[cruchebois.000webhostapp.com/assets/img/abt.jpg]
[cruchebois.000webhostapp.com/assets/img/feature-bg.jpg]
[cruchebois.000webhostapp.com/assets/img/team/team-2.jpg]
[cruchebois.000webhostapp.com/assets/img/team/team-3.png]
[cruchebois.000webhostapp.com/assets/img/team/team-4.jpg]
[cruchebois.000webhostapp.com/assets/css/main.css]
[cruchebois.000webhostapp.com/assets/css/responsive.css]
[cruchebois.000webhostapp.com/assets/img/avaters/avatar2.png]
[cruchebois.000webhostapp.com/assets/img/products/product-img-8.jpeg]
[cruchebois.000webhostapp.com/assets/js/jquery.countdown.js]
[cruchebois.000webhostapp.com/assets/js/form-validate.js]
[cruchebois.000webhostapp.com/assets/img/products/product-img-13.jpg]
[cruchebois.000webhostapp.com/assets/webfonts/fa-brands-400.html]
[cruchebois.000webhostapp.com/assets/webfonts/fa-brands-400.svg]
[cruchebois.000webhostapp.com/assets/webfonts/fa-regular-400.html]
[cruchebois.000webhostapp.com/assets/webfonts/fa-regular-400.svg]
[cruchebois.000webhostapp.com/assets/webfonts/fa-solid-900.html]
[cruchebois.000webhostapp.com/assets/webfonts/fa-solid-900.svg]
[cruchebois.000webhostapp.com/assets/bootstrap/css/bootstrap.min.css]
[cruchebois.000webhostapp.com/assets/css/owl.video.play.html]
[cruchebois.000webhostapp.com/assets/img/hero-bg.html]
[cruchebois.000webhostapp.com/assets/img/background1.jpg]
[cruchebois.000webhostapp.com/assets/img/latest-news/news-bg-2.jpg]
[cruchebois.000webhostapp.com/assets/img/latest-news/news-bg-4.html]
[cruchebois.000webhostapp.com/assets/img/latest-news/news-bg-5.html]
[cruchebois.000webhostapp.com/assets/img/latest-news/news-bg-6.html]
[cruchebois.000webhostapp.com/assets/img/team/team-1.jpg]
[cruchebois.000webhostapp.com/assets/img/team/team-4.html]
[cruchebois.000webhostapp.com/services.html]
